2000/40000 samples
4000/40000 samples
6000/40000 samples
8000/40000 samples
10000/40000 samples
12000/40000 samples
14000/40000 samples
16000/40000 samples
18000/40000 samples
20000/40000 samples
22000/40000 samples
24000/40000 samples
26000/40000 samples
28000/40000 samples
30000/40000 samples
32000/40000 samples
34000/40000 samples
36000/40000 samples
38000/40000 samples
40000/40000 samples
{
  "baseline_upper95": 2.4445297594391116e-07,
  "solver_consistency": {
    "sample": 16520,
    "growth_chi2_fit_solver": 8.579163921687346,
    "growth_chi2_this_solver": 8.579116125220333
  },
  "variants": {
    "init_0.95": {
      "upper95": 2.599028204238174e-07,
      "change_percent": 6.320170339612119,
      "effective_sample_size": 35766.3098609884
    },
    "init_1.05": {
      "upper95": 2.3231467538753037e-07,
      "change_percent": -4.965495105760498,
      "effective_sample_size": 36396.09329332555
    },
    "init_local_mode": {
      "upper95": 2.3902955690872317e-07,
      "change_percent": -2.2185939910309704,
      "effective_sample_size": 38779.850075463524
    },
    "z0.07_window_0.025_0.1": {
      "upper95": 4.748346076261557e-07,
      "change_percent": 94.24374188641696,
      "effective_sample_size": 27434.605277786482
    },
    "z0.07_removed": {
      "upper95": 4.6930515165317013e-07,
      "change_percent": 91.9817706620395,
      "effective_sample_size": 27737.745758506928
    }
  },
  "response_to_cs2_at_best_sample": {
    "cs2_upper95": 2.4445297594391116e-07,
    "z": [
      0.07,
      0.17,
      0.18,
      0.295,
      0.38,
      0.44,
      0.51,
      0.6,
      0.706,
      0.73,
      0.919,
      0.978,
      1.23,
      1.317,
      1.491,
      1.526,
      1.944
    ],
    "k_eff": [
      0.232379,
      0.116325,
      0.232904,
      0.154996,
      0.232904,
      0.154919,
      0.154996,
      0.154919,
      0.154996,
      0.154919,
      0.154996,
      0.232413,
      0.232413,
      0.154996,
      0.154996,
      0.232413,
      0.232413
    ],
    "decrease_fraction": [
      0.11736611608097802,
      0.02802956132647927,
      0.1100732515179893,
      0.04456106845299157,
      0.09297101315991618,
      0.03952125431128062,
      0.037603128823616605,
      0.03533100625088048,
      0.03283718849400197,
      0.03220245260366639,
      0.02639637747699397,
      0.054529452350637775,
      0.038951474824322485,
      0.015679939339194537,
      0.01286854764811507,
      0.027732791808526946,
      0.013389497784424553
    ],
    "decrease_over_sigma": [
      0.9359207440698564,
      0.2097498129799767,
      0.5505389839515793,
      0.21739364585402343,
      0.7190578146083537,
      0.229145480666533,
      0.2820610596943035,
      0.2560241566410478,
      0.26722239694118766,
      0.2006717310630321,
      0.2523544244590702,
      0.13602394582570781,
      0.16319502176194167,
      0.16831618200188583,
      0.10774394511730877,
      0.14739721296484565,
      0.04156646298943946
    ]
  },
  "within_chain_stability": {
    "thinned_rows_per_walker": 1000,
    "halves": {
      "steps_20001-30000": {
        "rows": 20000,
        "cs2_upper95": 2.446048187576984e-07,
        "sigma8_median": 0.5617033606209356
      },
      "steps_30001-40000": {
        "rows": 20000,
        "cs2_upper95": 2.443727409341648e-07,
        "sigma8_median": 0.5631034175330936
      }
    },
    "walker_groups": {
      "lowest_initial_u": {
        "rows": 20000,
        "cs2_upper95": 2.3295770147642495e-07,
        "sigma8_median": 0.5613539834866735,
        "walkers": 20,
        "initial_u_range": [
          -11.646043899149937,
          -7.935042761310857
        ]
      },
      "highest_initial_u": {
        "rows": 20000,
        "cs2_upper95": 2.596607353523562e-07,
        "sigma8_median": 0.5633272091743867,
        "walkers": 20,
        "initial_u_range": [
          -7.662216303339196,
          -2.9181376281678713
        ]
      }
    }
  }
}

real	2m53.009s
user	2m54.867s
sys	0m13.527s
