Full-chain reconstructed functions tabulated.
Growth step refinement: maximum error 1.09e-06 observational sigma.
Observable predictions: 256/4096 samples.
Observable predictions: 512/4096 samples.
Observable predictions: 768/4096 samples.
Observable predictions: 1024/4096 samples.
Observable predictions: 1280/4096 samples.
Observable predictions: 1536/4096 samples.
Observable predictions: 1792/4096 samples.
Observable predictions: 2048/4096 samples.
Observable predictions: 2304/4096 samples.
Observable predictions: 2560/4096 samples.
Observable predictions: 2816/4096 samples.
Observable predictions: 3072/4096 samples.
Observable predictions: 3328/4096 samples.
Observable predictions: 3584/4096 samples.
Observable predictions: 3840/4096 samples.
Observable predictions: 4096/4096 samples.
{
  "cubic_polynomial_max_error": 3.5388358909926865e-16,
  "spline_cardinality_max_error": 1.0413079817834622e-15,
  "pressureless_EdS_relative_error": 3.04867242562068e-13,
  "reconstruction_node_medians": {
    "coupling": [
      1.0083472877987707,
      1.0,
      0.9383955743604917,
      0.8166355831049692,
      0.9716061151188489,
      1.0039667511729111
    ],
    "potential": [
      0.9905648623719983,
      1.0,
      1.129289517867333,
      1.4655654774340314,
      0.6969578522431326,
      0.4561553594798932
    ]
  },
  "cs2_upper95": 2.3645929536833905e-07,
  "prior_floor_upper95": {
    "1e-12": 2.3645929536833905e-07,
    "1e-10": 3.005109711768715e-07,
    "1e-09": 3.389287991138651e-07,
    "1e-08": 3.982644326178146e-07
  },
  "jeans_estimate_minimum": {
    "z": 0.38,
    "kmax": 0.3,
    "median": 1.25089995345386e-06,
    "lo68": 1.2042867031220799e-06,
    "hi68": 1.2980971560166569e-06,
    "median_over_cs2_upper95": 5.290128059906883
  },
  "mechanism": {
    "initial_cs2": 1e-10,
    "ceiling_cs2": 1e-07,
    "A": 998.9999999999999
  },
  "growth_step_refinement": {
    "samples": 32,
    "max_800_1600_sigma": 1.732559951525462e-08,
    "max_1600_3200_sigma": 1.0907002483003096e-06
  },
  "fit_solver_comparison_max_sigma": 0.00013485753016517776,
  "best_in_plotted_random_subset": {
    "chain_row": 14079,
    "samples_searched": 4096,
    "chi2": 35.21635377967587,
    "bao": 5.1937752432284086,
    "supernova": 20.738072733947707,
    "growth": 9.284505802499755,
    "optimized": false
  },
  "posterior_sha256": "142d03d41114899f543f78ee5349bc99a9cc271cd3a8bfbb374059370cc42a2c",
  "observational_data_sha256": {
    "udm_data.txt": "58023089668cb53bed19a4e0b4f023bfd7cd5c7a5d83e9230b992edd607f0d31"
  },
  "samples_reconstruction_and_prior": 40000,
  "samples_observables": 4096,
  "numerics": {
    "backend": "independent NumPy not-a-knot spline + RK4 of the exact y-V system",
    "background_grid": 3201,
    "RK4_base_steps": 1600
  },
  "figures_source_sha256": "d766228a33de7d529c0720aab946ef3ddd82b402bf362c531a15b43a2a7f12db",
  "numpy_version": "2.3.5",
  "elapsed_seconds": 4.791988709000066
}
Compiling fig01_mechanism.tex
Compiling fig02_observations.tex
Compiling fig03_sound_speed.tex
Compiling fig04_reconstructed_functions.tex
Figures written to /workspace/scratch/b46695869ef0/fresh_fit/UDM/figures
