Prior: log; data points: 52; run directory: /workspace/scratch/b46695869ef0/fresh_fit/UDM/runs/joint_norm051_log_454989fb0b76b3f2

Background-only preparation: BAO chi2 = 4.5562
Seed: A = 32.4088, sigma_8 = 0.5657, CALM = 35.6099, seed chi2 = 44.8889

Constrained minimisation with 12 independent starts
  restart  0: chi2 =      44.3850   accepted
  restart  1: chi2 =     801.4211   accepted
  restart  2: chi2 =      91.3107   accepted
  restart  3: chi2 =     290.0682   accepted
  restart  4: chi2 =      65.4108   accepted
  restart  5: chi2 =     877.6976   accepted
  restart  6: chi2 =      67.3596   accepted
  restart  7: chi2 =    1605.3252   accepted
  restart  8: chi2 =    1880.7228   accepted
  restart  9: chi2 =    2825.8568   accepted
  restart 10: chi2 =    2758.5788   accepted
  restart 11: chi2 =    1285.1934   accepted

Best chi2 = 44.3850
Measurements: 52 | parameters: 11 | dof: 41
Reduced chi2 = 1.0826
BAO chi2    = 4.8127
SNe chi2    = 31.4080
growth chi2 = 8.1643
c_s^2       = 9.988001e-08
sigma_8     = 0.567386
A           = 32.407239
CALM        = 35.609812

Full-grid physical check:
  max(w+c_s^2) = -7.1257e-04  [must be <= 0]
  min(w+1)     = +5.3154e-01  [must be >= 0]

Saved physical starting point: /workspace/scratch/b46695869ef0/fresh_fit/UDM/runs/joint_norm051_log_454989fb0b76b3f2/start.npz
